error: unused return value of `LoremBuilder::broken` that must be used
  --> tests/compile-fail/builder_setter_attrs.rs:18:5
   |
18 |     LoremBuilder::default().broken(42);
   |     ^^^^^^^^^^^^^^^^^^^^^^^^^^^^^^^^^^^
   |
note: lint level defined here
  --> tests/compile-fail/builder_setter_attrs.rs:1:9
   |
1  | #![deny(unused_must_use)]
   |         ^^^^^^^^^^^^^^^
